........................................................................ [ 85%]
............                                                             [100%]
84 passed in 27.63s
